2026-05-08 17:29:08,188 : INFO : root : Loading config.
2026-05-08 17:29:08,389 : INFO : ConfigProcessor : Config spec file cache created: C:\Users\mpf\AppData\Local\Temp\config_spec.mpf_cache
2026-05-08 17:29:08,390 : INFO : YamlMultifileConfigLoader : Machine config file #1: config.yaml
2026-05-08 17:29:08,390 : INFO : ConfigProcessor : Loading config from cache: C:\Users\mpf\AppData\Local\Temp\b7f6280c8c0480f065ae96daad172605.mpf_cache
2026-05-08 17:29:08,482 : WARNING : ConfigProcessor : Config file in cache changed: C:\Users\mpf\Documents\uncharted\modes\attract\config\attract.yaml
2026-05-08 17:29:08,482 : INFO : ConfigProcessor : Loading config from file C:\Users\mpf\environment\Lib\site-packages\mpf\modes\attract\config\attract.yaml.
2026-05-08 17:29:08,484 : INFO : ConfigProcessor : Loading config: C:\Users\mpf\environment\Lib\site-packages\mpf\modes\attract\config\attract.yaml
2026-05-08 17:29:08,484 : INFO : ConfigProcessor : Loading config from file C:\Users\mpf\Documents\uncharted\modes\attract\config\attract.yaml.
2026-05-08 17:29:08,491 : INFO : ConfigProcessor : Loading config: C:\Users\mpf\Documents\uncharted\modes\attract\config\attract.yaml
2026-05-08 17:29:08,491 : INFO : ConfigProcessor : Config file cache created: C:\Users\mpf\AppData\Local\Temp\15c508faab3502003f440bdabb91e668.mpf_cache
2026-05-08 17:29:08,492 : INFO : ConfigProcessor : Loading config from cache: C:\Users\mpf\AppData\Local\Temp\0746e2282ef9b1e4e5844623fe2bc520.mpf_cache
2026-05-08 17:29:08,493 : INFO : ConfigProcessor : Loading config from cache: C:\Users\mpf\AppData\Local\Temp\15c508faab3502003f440bdabb91e668.mpf_cache
2026-05-08 17:29:08,495 : INFO : ConfigProcessor : Loading config from cache: C:\Users\mpf\AppData\Local\Temp\cb652f59a759b952424ba440fdb694e1.mpf_cache
2026-05-08 17:29:08,495 : INFO : Machine : Mission Pinball Framework Core Engine v0.80.0.dev14
2026-05-08 17:29:08,495 : INFO : Machine : Command line arguments: {'no_load_cache': False, 'create_config_cache': True, 'bcp': True, 'configfile': ['config.yaml'], 'force_assets_load': False, 'platform_integration_test': False, 'jsonlogging': False, 'logfile': 'logs\\2026-05-08-17-29-08-mpf-WIN-M1RLBQ5FIPJ.log', 'pause': False, 'production': False, 'text_ui': False, 'loglevel': 15, 'consoleloglevel': 20, 'force_platform': 'virtual', 'syslog_address': None, 'full_logfile_path': 'C:\\Users\\mpf\\Documents\\uncharted\\logs\\2026-05-08-17-29-08-mpf-WIN-M1RLBQ5FIPJ.log'}
2026-05-08 17:29:08,496 : INFO : Machine : MPF path: C:\Users\mpf\environment\Lib\site-packages\mpf
2026-05-08 17:29:08,496 : INFO : Machine : Machine path: C:\Users\mpf\Documents\uncharted
2026-05-08 17:29:08,496 : INFO : Machine : Platform: win32
2026-05-08 17:29:08,496 : INFO : Machine : Python executable location: C:\Users\mpf\environment\Scripts\python.exe
2026-05-08 17:29:08,496 : INFO : Machine : Python version: 3.14.4 (64-bit)
2026-05-08 17:29:08,498 : INFO : Machine : Initializing MPF...
2026-05-08 17:29:08,587 : INFO : EventManager : Event: ======'machine_var_credits_string'====== Args={'value': 'FREE PLAY', 'prev_value': None, 'change': True}
2026-05-08 17:29:08,606 : INFO : EventManager : Event: ======'machine_var_master_volume'====== Args={'value': 0.5, 'prev_value': None, 'change': True}
2026-05-08 17:29:08,607 : INFO : EventManager : Event: ======'machine_var_mpf_version'====== Args={'value': 'Mission Pinball Framework v0.80.0.dev14', 'prev_value': None, 'change': True}
2026-05-08 17:29:08,607 : INFO : EventManager : Event: ======'machine_var_mpf_extended_version'====== Args={'value': 'Mission Pinball Framework v0.80.0.dev14, Config version:6, Show version: 6, BCP version:1.1', 'prev_value': None, 'change': True}
2026-05-08 17:29:08,607 : INFO : EventManager : Event: ======'machine_var_python_version'====== Args={'value': '3.14.4', 'prev_value': None, 'change': True}
2026-05-08 17:29:08,731 : INFO : EventManager : Event: ======'machine_var_platform'====== Args={'value': 'Windows-11-10.0.22631-SP0', 'prev_value': None, 'change': True}
2026-05-08 17:29:08,731 : INFO : EventManager : Event: ======'machine_var_platform_system'====== Args={'value': 'Windows', 'prev_value': None, 'change': True}
2026-05-08 17:29:08,731 : INFO : EventManager : Event: ======'machine_var_platform_release'====== Args={'value': '11', 'prev_value': None, 'change': True}
2026-05-08 17:29:08,731 : INFO : EventManager : Event: ======'machine_var_platform_version'====== Args={'value': '10.0.22631', 'prev_value': None, 'change': True}
2026-05-08 17:29:08,731 : INFO : EventManager : Event: ======'machine_var_platform_machine'====== Args={'value': 'AMD64', 'prev_value': None, 'change': True}
2026-05-08 17:29:08,731 : INFO : EventManager : Event: ======'machine_var_log_file_path'====== Args={'value': 'C:\\Users\\mpf\\Documents\\uncharted\\logs\\2026-05-08-17-29-08-mpf-WIN-M1RLBQ5FIPJ.log', 'prev_value': None, 'change': True}
2026-05-08 17:29:08,731 : INFO : EventManager : Event: ======'init_phase_1'====== Args={}
2026-05-08 17:29:08,748 : INFO : EventManager : Event: ======'init_phase_2'====== Args={}
2026-05-08 17:29:08,749 : INFO : EventManager : Event: ======'bcp_connection_attempt'====== Args={'name': 'local_display', 'host': 'localhost', 'port': 5050}
2026-05-08 17:29:08,751 : INFO : BCPClientSocket : Connecting BCP to 'local_display' at localhost:5050...
2026-05-08 17:29:14,462 : INFO : BCPClientSocket : Connected BCP to 'local_display' localhost:5050
2026-05-08 17:29:14,462 : INFO : EventManager : Event: ======'bcp_clients_connected'====== Args={}
2026-05-08 17:29:14,463 : INFO : ball_device.bd_plunger : BCH: Initial count: 0
2026-05-08 17:29:14,463 : INFO : ball_device.bd_plunger : State: idle
2026-05-08 17:29:14,463 : INFO : ball_device.bd_trough : BCH: Initial count: 0
2026-05-08 17:29:14,463 : INFO : ball_device.bd_trough : State: idle
2026-05-08 17:29:14,472 : INFO : EventManager : Event: ======'init_phase_3'====== Args={}
2026-05-08 17:29:14,473 : INFO : EventManager : Event: ======'init_phase_4'====== Args={}
2026-05-08 17:29:14,474 : INFO : BallController : Initial balls found: 0
2026-05-08 17:29:14,475 : INFO : EventManager : Event: ======'machine_var_audits_switches_s_trough_2'====== Args={'value': 0, 'prev_value': None, 'change': True}
2026-05-08 17:29:14,476 : INFO : EventManager : Event: ======'machine_var_audits_switches_s_trough_5'====== Args={'value': 0, 'prev_value': None, 'change': True}
2026-05-08 17:29:14,476 : INFO : EventManager : Event: ======'machine_var_audits_switches_s_flipper_left'====== Args={'value': 0, 'prev_value': None, 'change': True}
2026-05-08 17:29:14,476 : INFO : EventManager : Event: ======'machine_var_audits_switches_s_trough_3'====== Args={'value': 0, 'prev_value': None, 'change': True}
2026-05-08 17:29:14,476 : INFO : EventManager : Event: ======'machine_var_audits_switches_s_trough_4'====== Args={'value': 0, 'prev_value': None, 'change': True}
2026-05-08 17:29:14,476 : INFO : EventManager : Event: ======'machine_var_audits_switches_s_flipper_right'====== Args={'value': 0, 'prev_value': None, 'change': True}
2026-05-08 17:29:14,476 : INFO : EventManager : Event: ======'machine_var_audits_switches_s_trough_1'====== Args={'value': 0, 'prev_value': None, 'change': True}
2026-05-08 17:29:14,476 : INFO : EventManager : Event: ======'machine_var_audits_switches_s_plunger_lane'====== Args={'value': 0, 'prev_value': None, 'change': True}
2026-05-08 17:29:14,476 : INFO : EventManager : Event: ======'machine_var_audits_switches_s_trough_6'====== Args={'value': 0, 'prev_value': None, 'change': True}
2026-05-08 17:29:14,476 : INFO : EventManager : Event: ======'machine_var_audits_events_game_started'====== Args={'value': 0, 'prev_value': None, 'change': True}
2026-05-08 17:29:14,476 : INFO : EventManager : Event: ======'machine_var_audits_events_game_ended'====== Args={'value': 0, 'prev_value': None, 'change': True}
2026-05-08 17:29:14,476 : INFO : EventManager : Event: ======'machine_var_audits_player_score'====== Args={'value': {'top': [], 'average': 0, 'total': 0}, 'prev_value': None, 'change': True}
2026-05-08 17:29:14,477 : INFO : EventManager : Event: ======'init_phase_5'====== Args={}
2026-05-08 17:29:14,477 : INFO : EventManager : Event: ======'init_done'====== Args={}
2026-05-08 17:29:14,478 : INFO : EventManager : Event: ======'machine_reset_phase_1'====== Args={}
2026-05-08 17:29:14,488 : INFO : EventManager : Event: ======'machine_reset_phase_2'====== Args={}
2026-05-08 17:29:14,488 : INFO : EventManager : Event: ======'machine_reset_phase_3'====== Args={}
2026-05-08 17:29:14,488 : INFO : EventManager : Event: ======'reset_complete'====== Args={}
2026-05-08 17:29:14,488 : INFO : EventManager : Event: ======'mode_attract_will_start'====== Args={}
2026-05-08 17:29:14,489 : INFO : Timer.attract_carousel_timer : Starting Timer.
2026-05-08 17:29:14,489 : INFO : EventManager : Event: ======'timer_attract_carousel_timer_started'====== Args={'ticks': 0, 'ticks_remaining': 1}
2026-05-08 17:29:14,489 : INFO : EventManager : Event: ======'timer_attract_carousel_timer_tick'====== Args={'ticks': 0, 'ticks_remaining': 1}
2026-05-08 17:29:14,490 : INFO : EventManager : Event: ======'mode_attract_starting'====== Args={}
2026-05-08 17:29:14,490 : INFO : Mode.attract : Started. Priority: 10
2026-05-08 17:29:14,490 : INFO : EventManager : Event: ======'modes_active_modes_changed'====== Args={}
2026-05-08 17:29:14,490 : INFO : EventManager : Event: ======'mode_attract_started'====== Args={}
2026-05-08 17:29:14,490 : INFO : EventManager : Event: ======'collecting_balls_complete'====== Args={}
2026-05-08 17:29:14,491 : INFO : EventManager : Event: ======'carousel_item_highlighted'====== Args={'carousel': 'attract', 'direction': None, 'item': 'title'}
2026-05-08 17:29:14,492 : INFO : Machine : Starting the main run loop with active modes: [<Mode.attract>]
2026-05-08 17:29:14,524 : INFO : EventManager : Event: ======'slide_attract_created'====== Args={'_from_bcp': True}
2026-05-08 17:29:14,524 : INFO : EventManager : Event: ======'slide__removed'====== Args={'_from_bcp': True}
2026-05-08 17:29:14,524 : INFO : EventManager : Event: ======'slide_attract_active'====== Args={'original_context': 'attract', 'original_calling_context': 'mode_attract_started', 'priority': 10.0, 'cmd': 'slides_play', '_from_bcp': True}
2026-05-08 17:29:17,681 : INFO : SwitchController : <<<<<<< 's_flipper_right' active >>>>>>>
2026-05-08 17:29:17,681 : INFO : EventManager : Event: ======'s_flipper_right_active'====== Args={}
2026-05-08 17:29:17,681 : INFO : EventManager : Event: ======'carousel_item_highlighted'====== Args={'carousel': 'attract', 'direction': 'forwards', 'item': 'credits'}
2026-05-08 17:29:17,763 : INFO : SwitchController : <<<<<<< 's_flipper_right' inactive >>>>>>>
2026-05-08 17:29:18,061 : INFO : SwitchController : <<<<<<< 's_flipper_right' active >>>>>>>
2026-05-08 17:29:18,062 : INFO : EventManager : Event: ======'s_flipper_right_active'====== Args={}
2026-05-08 17:29:18,062 : INFO : EventManager : Event: ======'carousel_item_highlighted'====== Args={'carousel': 'attract', 'direction': 'forwards', 'item': 'mpf_logo'}
2026-05-08 17:29:18,162 : INFO : SwitchController : <<<<<<< 's_flipper_right' inactive >>>>>>>
2026-05-08 17:29:18,430 : INFO : SwitchController : <<<<<<< 's_flipper_right' active >>>>>>>
2026-05-08 17:29:18,430 : INFO : EventManager : Event: ======'s_flipper_right_active'====== Args={}
2026-05-08 17:29:18,430 : INFO : EventManager : Event: ======'carousel_item_highlighted'====== Args={'carousel': 'attract', 'direction': 'forwards', 'item': 'title'}
2026-05-08 17:29:18,530 : INFO : SwitchController : <<<<<<< 's_flipper_right' inactive >>>>>>>
2026-05-08 17:29:18,795 : INFO : SwitchController : <<<<<<< 's_flipper_right' active >>>>>>>
2026-05-08 17:29:18,795 : INFO : EventManager : Event: ======'s_flipper_right_active'====== Args={}
2026-05-08 17:29:18,796 : INFO : EventManager : Event: ======'carousel_item_highlighted'====== Args={'carousel': 'attract', 'direction': 'forwards', 'item': 'credits'}
2026-05-08 17:29:18,896 : INFO : SwitchController : <<<<<<< 's_flipper_right' inactive >>>>>>>
2026-05-08 17:29:19,145 : INFO : SwitchController : <<<<<<< 's_flipper_right' active >>>>>>>
2026-05-08 17:29:19,146 : INFO : EventManager : Event: ======'s_flipper_right_active'====== Args={}
2026-05-08 17:29:19,146 : INFO : EventManager : Event: ======'carousel_item_highlighted'====== Args={'carousel': 'attract', 'direction': 'forwards', 'item': 'mpf_logo'}
2026-05-08 17:29:19,212 : INFO : SwitchController : <<<<<<< 's_flipper_right' inactive >>>>>>>
2026-05-08 17:29:19,500 : INFO : Timer.attract_carousel_timer : Timer Complete
2026-05-08 17:29:19,500 : INFO : Timer.attract_carousel_timer : Stopping Timer
2026-05-08 17:29:19,500 : INFO : EventManager : Event: ======'timer_attract_carousel_timer_stopped'====== Args={'ticks': 1, 'ticks_remaining': 1}
2026-05-08 17:29:19,501 : INFO : EventManager : Event: ======'timer_attract_carousel_timer_complete'====== Args={'ticks': 1, 'ticks_remaining': 1}
2026-05-08 17:29:19,501 : INFO : EventManager : Event: ======'carousel_item_highlighted'====== Args={'carousel': 'attract', 'direction': 'forwards', 'item': 'title'}
2026-05-08 17:29:22,663 : INFO : SwitchController : <<<<<<< 's_flipper_right' active >>>>>>>
2026-05-08 17:29:22,663 : INFO : EventManager : Event: ======'s_flipper_right_active'====== Args={}
2026-05-08 17:29:22,663 : INFO : EventManager : Event: ======'carousel_item_highlighted'====== Args={'carousel': 'attract', 'direction': 'forwards', 'item': 'credits'}
2026-05-08 17:29:22,762 : INFO : SwitchController : <<<<<<< 's_flipper_right' inactive >>>>>>>
2026-05-08 17:29:23,229 : INFO : SwitchController : <<<<<<< 's_flipper_right' active >>>>>>>
2026-05-08 17:29:23,229 : INFO : EventManager : Event: ======'s_flipper_right_active'====== Args={}
2026-05-08 17:29:23,229 : INFO : EventManager : Event: ======'carousel_item_highlighted'====== Args={'carousel': 'attract', 'direction': 'forwards', 'item': 'mpf_logo'}
2026-05-08 17:29:23,346 : INFO : SwitchController : <<<<<<< 's_flipper_right' inactive >>>>>>>
2026-05-08 17:29:23,729 : INFO : SwitchController : <<<<<<< 's_flipper_right' active >>>>>>>
2026-05-08 17:29:23,729 : INFO : EventManager : Event: ======'s_flipper_right_active'====== Args={}
2026-05-08 17:29:23,729 : INFO : EventManager : Event: ======'carousel_item_highlighted'====== Args={'carousel': 'attract', 'direction': 'forwards', 'item': 'title'}
2026-05-08 17:29:23,877 : INFO : SwitchController : <<<<<<< 's_flipper_right' inactive >>>>>>>
2026-05-08 17:29:24,178 : INFO : SwitchController : <<<<<<< 's_flipper_right' active >>>>>>>
2026-05-08 17:29:24,178 : INFO : EventManager : Event: ======'s_flipper_right_active'====== Args={}
2026-05-08 17:29:24,179 : INFO : EventManager : Event: ======'carousel_item_highlighted'====== Args={'carousel': 'attract', 'direction': 'forwards', 'item': 'credits'}
2026-05-08 17:29:24,245 : INFO : SwitchController : <<<<<<< 's_flipper_right' inactive >>>>>>>
2026-05-08 17:29:24,379 : INFO : SwitchController : <<<<<<< 's_flipper_right' active >>>>>>>
2026-05-08 17:29:24,379 : INFO : EventManager : Event: ======'s_flipper_right_active'====== Args={}
2026-05-08 17:29:24,379 : INFO : EventManager : Event: ======'carousel_item_highlighted'====== Args={'carousel': 'attract', 'direction': 'forwards', 'item': 'mpf_logo'}
2026-05-08 17:29:24,428 : INFO : SwitchController : <<<<<<< 's_flipper_right' inactive >>>>>>>
2026-05-08 17:29:24,546 : INFO : SwitchController : <<<<<<< 's_flipper_right' active >>>>>>>
2026-05-08 17:29:24,546 : INFO : EventManager : Event: ======'s_flipper_right_active'====== Args={}
2026-05-08 17:29:24,546 : INFO : EventManager : Event: ======'carousel_item_highlighted'====== Args={'carousel': 'attract', 'direction': 'forwards', 'item': 'title'}
2026-05-08 17:29:24,628 : INFO : SwitchController : <<<<<<< 's_flipper_right' inactive >>>>>>>
2026-05-08 17:29:24,761 : INFO : SwitchController : <<<<<<< 's_flipper_right' active >>>>>>>
2026-05-08 17:29:24,761 : INFO : EventManager : Event: ======'s_flipper_right_active'====== Args={}
2026-05-08 17:29:24,762 : INFO : EventManager : Event: ======'carousel_item_highlighted'====== Args={'carousel': 'attract', 'direction': 'forwards', 'item': 'credits'}
2026-05-08 17:29:24,861 : INFO : SwitchController : <<<<<<< 's_flipper_right' inactive >>>>>>>
2026-05-08 17:29:24,961 : INFO : SwitchController : <<<<<<< 's_flipper_right' active >>>>>>>
2026-05-08 17:29:24,962 : INFO : EventManager : Event: ======'s_flipper_right_active'====== Args={}
2026-05-08 17:29:24,962 : INFO : EventManager : Event: ======'carousel_item_highlighted'====== Args={'carousel': 'attract', 'direction': 'forwards', 'item': 'mpf_logo'}
2026-05-08 17:29:25,046 : INFO : SwitchController : <<<<<<< 's_flipper_right' inactive >>>>>>>
2026-05-08 17:29:25,146 : INFO : SwitchController : <<<<<<< 's_flipper_right' active >>>>>>>
2026-05-08 17:29:25,146 : INFO : EventManager : Event: ======'s_flipper_right_active'====== Args={}
2026-05-08 17:29:25,146 : INFO : EventManager : Event: ======'carousel_item_highlighted'====== Args={'carousel': 'attract', 'direction': 'forwards', 'item': 'title'}
2026-05-08 17:29:25,261 : INFO : SwitchController : <<<<<<< 's_flipper_right' inactive >>>>>>>
2026-05-08 17:29:25,396 : INFO : SwitchController : <<<<<<< 's_flipper_right' active >>>>>>>
2026-05-08 17:29:25,396 : INFO : EventManager : Event: ======'s_flipper_right_active'====== Args={}
2026-05-08 17:29:25,396 : INFO : EventManager : Event: ======'carousel_item_highlighted'====== Args={'carousel': 'attract', 'direction': 'forwards', 'item': 'credits'}
2026-05-08 17:29:25,478 : INFO : SwitchController : <<<<<<< 's_flipper_right' inactive >>>>>>>
2026-05-08 17:29:26,328 : INFO : SwitchController : <<<<<<< 's_flipper_left' active >>>>>>>
2026-05-08 17:29:26,328 : INFO : EventManager : Event: ======'s_flipper_left_active'====== Args={}
2026-05-08 17:29:26,328 : INFO : EventManager : Event: ======'carousel_item_highlighted'====== Args={'carousel': 'attract', 'direction': 'backwards', 'item': 'title'}
2026-05-08 17:29:26,445 : INFO : SwitchController : <<<<<<< 's_flipper_left' inactive >>>>>>>
2026-05-08 17:29:26,929 : INFO : SwitchController : <<<<<<< 's_flipper_left' active >>>>>>>
2026-05-08 17:29:26,929 : INFO : EventManager : Event: ======'s_flipper_left_active'====== Args={}
2026-05-08 17:29:26,929 : INFO : EventManager : Event: ======'carousel_item_highlighted'====== Args={'carousel': 'attract', 'direction': 'backwards', 'item': 'mpf_logo'}
2026-05-08 17:29:26,995 : INFO : SwitchController : <<<<<<< 's_flipper_left' inactive >>>>>>>
2026-05-08 17:29:27,110 : INFO : SwitchController : <<<<<<< 's_flipper_left' active >>>>>>>
2026-05-08 17:29:27,111 : INFO : EventManager : Event: ======'s_flipper_left_active'====== Args={}
2026-05-08 17:29:27,111 : INFO : EventManager : Event: ======'carousel_item_highlighted'====== Args={'carousel': 'attract', 'direction': 'backwards', 'item': 'credits'}
2026-05-08 17:29:27,162 : INFO : SwitchController : <<<<<<< 's_flipper_left' inactive >>>>>>>
2026-05-08 17:29:27,278 : INFO : SwitchController : <<<<<<< 's_flipper_left' active >>>>>>>
2026-05-08 17:29:27,278 : INFO : EventManager : Event: ======'s_flipper_left_active'====== Args={}
2026-05-08 17:29:27,278 : INFO : EventManager : Event: ======'carousel_item_highlighted'====== Args={'carousel': 'attract', 'direction': 'backwards', 'item': 'title'}
2026-05-08 17:29:27,345 : INFO : SwitchController : <<<<<<< 's_flipper_left' inactive >>>>>>>
2026-05-08 17:29:27,478 : INFO : SwitchController : <<<<<<< 's_flipper_left' active >>>>>>>
2026-05-08 17:29:27,478 : INFO : EventManager : Event: ======'s_flipper_left_active'====== Args={}
2026-05-08 17:29:27,478 : INFO : EventManager : Event: ======'carousel_item_highlighted'====== Args={'carousel': 'attract', 'direction': 'backwards', 'item': 'mpf_logo'}
2026-05-08 17:29:27,595 : INFO : SwitchController : <<<<<<< 's_flipper_left' inactive >>>>>>>
2026-05-08 17:29:38,194 : INFO : SwitchController : <<<<<<< 's_flipper_right' active >>>>>>>
2026-05-08 17:29:38,195 : INFO : EventManager : Event: ======'s_flipper_right_active'====== Args={}
2026-05-08 17:29:38,195 : INFO : EventManager : Event: ======'carousel_item_highlighted'====== Args={'carousel': 'attract', 'direction': 'forwards', 'item': 'title'}
2026-05-08 17:29:38,345 : INFO : SwitchController : <<<<<<< 's_flipper_right' inactive >>>>>>>
2026-05-08 17:29:51,984 : INFO : Machine : Shutting down...
2026-05-08 17:29:51,984 : INFO : EventManager : Event: ======'shutdown'====== Args={}
2026-05-08 17:29:51,988 : INFO : root : MPF run loop ended.
