2026-05-10 15:51:11,672 : INFO : root : Loading config.
2026-05-10 15:51:11,929 : INFO : ConfigProcessor : Config spec file cache created: C:\Users\mpf\AppData\Local\Temp\config_spec.mpf_cache
2026-05-10 15:51:11,929 : INFO : YamlMultifileConfigLoader : Machine config file #1: config.yaml
2026-05-10 15:51:11,930 : INFO : ConfigProcessor : Loading config from cache: C:\Users\mpf\AppData\Local\Temp\b7f6280c8c0480f065ae96daad172605.mpf_cache
2026-05-10 15:51:12,058 : WARNING : ConfigProcessor : Config file in cache changed: C:\Users\mpf\Documents\uncharted\modes\attract\config\attract.yaml
2026-05-10 15:51:12,058 : INFO : ConfigProcessor : Loading config from file C:\Users\mpf\environment\Lib\site-packages\mpf\modes\attract\config\attract.yaml.
2026-05-10 15:51:12,069 : INFO : ConfigProcessor : Loading config: C:\Users\mpf\environment\Lib\site-packages\mpf\modes\attract\config\attract.yaml
2026-05-10 15:51:12,069 : INFO : ConfigProcessor : Loading config from file C:\Users\mpf\Documents\uncharted\modes\attract\config\attract.yaml.
2026-05-10 15:51:12,083 : INFO : ConfigProcessor : Loading config: C:\Users\mpf\Documents\uncharted\modes\attract\config\attract.yaml
2026-05-10 15:51:12,084 : INFO : ConfigProcessor : Config file cache created: C:\Users\mpf\AppData\Local\Temp\15c508faab3502003f440bdabb91e668.mpf_cache
2026-05-10 15:51:12,084 : INFO : ConfigProcessor : Loading config from cache: C:\Users\mpf\AppData\Local\Temp\0746e2282ef9b1e4e5844623fe2bc520.mpf_cache
2026-05-10 15:51:12,102 : INFO : ConfigProcessor : Loading config from cache: C:\Users\mpf\AppData\Local\Temp\15c508faab3502003f440bdabb91e668.mpf_cache
2026-05-10 15:51:12,120 : INFO : ConfigProcessor : Loading config from cache: C:\Users\mpf\AppData\Local\Temp\cb652f59a759b952424ba440fdb694e1.mpf_cache
2026-05-10 15:51:12,137 : INFO : Machine : Mission Pinball Framework Core Engine v0.80.0.dev14
2026-05-10 15:51:12,137 : INFO : Machine : Command line arguments: {'no_load_cache': False, 'create_config_cache': True, 'bcp': True, 'configfile': ['config.yaml'], 'force_assets_load': False, 'platform_integration_test': False, 'jsonlogging': False, 'logfile': 'logs\\2026-05-10-15-51-11-mpf-WIN-M1RLBQ5FIPJ.log', 'pause': False, 'production': False, 'text_ui': False, 'loglevel': 15, 'consoleloglevel': 20, 'force_platform': 'virtual', 'syslog_address': None, 'full_logfile_path': 'C:\\Users\\mpf\\Documents\\uncharted\\logs\\2026-05-10-15-51-11-mpf-WIN-M1RLBQ5FIPJ.log'}
2026-05-10 15:51:12,138 : INFO : Machine : MPF path: C:\Users\mpf\environment\Lib\site-packages\mpf
2026-05-10 15:51:12,138 : INFO : Machine : Machine path: C:\Users\mpf\Documents\uncharted
2026-05-10 15:51:12,138 : INFO : Machine : Platform: win32
2026-05-10 15:51:12,138 : INFO : Machine : Python executable location: C:\Users\mpf\environment\Scripts\python.exe
2026-05-10 15:51:12,138 : INFO : Machine : Python version: 3.14.4 (64-bit)
2026-05-10 15:51:12,140 : INFO : Machine : Initializing MPF...
2026-05-10 15:51:12,425 : INFO : EventManager : Event: ======'machine_var_credits_string'====== Args={'value': 'FREE PLAY', 'prev_value': None, 'change': True}
2026-05-10 15:51:12,450 : INFO : EventManager : Event: ======'machine_var_master_volume'====== Args={'value': 0.5, 'prev_value': None, 'change': True}
2026-05-10 15:51:12,450 : INFO : EventManager : Event: ======'machine_var_mpf_version'====== Args={'value': 'Mission Pinball Framework v0.80.0.dev14', 'prev_value': None, 'change': True}
2026-05-10 15:51:12,450 : INFO : EventManager : Event: ======'machine_var_mpf_extended_version'====== Args={'value': 'Mission Pinball Framework v0.80.0.dev14, Config version:6, Show version: 6, BCP version:1.1', 'prev_value': None, 'change': True}
2026-05-10 15:51:12,450 : INFO : EventManager : Event: ======'machine_var_python_version'====== Args={'value': '3.14.4', 'prev_value': None, 'change': True}
2026-05-10 15:51:12,518 : INFO : EventManager : Event: ======'machine_var_platform'====== Args={'value': 'Windows-11-10.0.22631-SP0', 'prev_value': None, 'change': True}
2026-05-10 15:51:12,518 : INFO : EventManager : Event: ======'machine_var_platform_system'====== Args={'value': 'Windows', 'prev_value': None, 'change': True}
2026-05-10 15:51:12,518 : INFO : EventManager : Event: ======'machine_var_platform_release'====== Args={'value': '11', 'prev_value': None, 'change': True}
2026-05-10 15:51:12,518 : INFO : EventManager : Event: ======'machine_var_platform_version'====== Args={'value': '10.0.22631', 'prev_value': None, 'change': True}
2026-05-10 15:51:12,519 : INFO : EventManager : Event: ======'machine_var_platform_machine'====== Args={'value': 'AMD64', 'prev_value': None, 'change': True}
2026-05-10 15:51:12,519 : INFO : EventManager : Event: ======'machine_var_log_file_path'====== Args={'value': 'C:\\Users\\mpf\\Documents\\uncharted\\logs\\2026-05-10-15-51-11-mpf-WIN-M1RLBQ5FIPJ.log', 'prev_value': None, 'change': True}
2026-05-10 15:51:12,519 : INFO : EventManager : Event: ======'init_phase_1'====== Args={}
2026-05-10 15:51:12,536 : INFO : EventManager : Event: ======'init_phase_2'====== Args={}
2026-05-10 15:51:12,537 : INFO : EventManager : Event: ======'bcp_connection_attempt'====== Args={'name': 'local_display', 'host': 'localhost', 'port': 5050}
2026-05-10 15:51:12,538 : INFO : BCPClientSocket : Connecting BCP to 'local_display' at localhost:5050...
2026-05-10 15:51:21,861 : INFO : BCPClientSocket : Connected BCP to 'local_display' localhost:5050
2026-05-10 15:51:21,862 : INFO : EventManager : Event: ======'bcp_clients_connected'====== Args={}
2026-05-10 15:51:21,863 : INFO : ball_device.bd_plunger : BCH: Initial count: 0
2026-05-10 15:51:21,864 : INFO : ball_device.bd_plunger : State: idle
2026-05-10 15:51:21,864 : INFO : ball_device.bd_trough : BCH: Initial count: 0
2026-05-10 15:51:21,864 : INFO : ball_device.bd_trough : State: idle
2026-05-10 15:51:21,874 : INFO : EventManager : Event: ======'init_phase_3'====== Args={}
2026-05-10 15:51:21,876 : INFO : EventManager : Event: ======'init_phase_4'====== Args={}
2026-05-10 15:51:21,876 : INFO : BallController : Initial balls found: 0
2026-05-10 15:51:21,877 : INFO : EventManager : Event: ======'machine_var_audits_switches_s_trough_1'====== Args={'value': 0, 'prev_value': None, 'change': True}
2026-05-10 15:51:21,878 : INFO : EventManager : Event: ======'machine_var_audits_switches_s_trough_3'====== Args={'value': 0, 'prev_value': None, 'change': True}
2026-05-10 15:51:21,878 : INFO : EventManager : Event: ======'machine_var_audits_switches_s_trough_5'====== Args={'value': 0, 'prev_value': None, 'change': True}
2026-05-10 15:51:21,878 : INFO : EventManager : Event: ======'machine_var_audits_switches_s_trough_6'====== Args={'value': 0, 'prev_value': None, 'change': True}
2026-05-10 15:51:21,878 : INFO : EventManager : Event: ======'machine_var_audits_switches_s_trough_4'====== Args={'value': 0, 'prev_value': None, 'change': True}
2026-05-10 15:51:21,878 : INFO : EventManager : Event: ======'machine_var_audits_switches_s_flipper_right'====== Args={'value': 0, 'prev_value': None, 'change': True}
2026-05-10 15:51:21,878 : INFO : EventManager : Event: ======'machine_var_audits_switches_s_trough_2'====== Args={'value': 0, 'prev_value': None, 'change': True}
2026-05-10 15:51:21,878 : INFO : EventManager : Event: ======'machine_var_audits_switches_s_flipper_left'====== Args={'value': 0, 'prev_value': None, 'change': True}
2026-05-10 15:51:21,878 : INFO : EventManager : Event: ======'machine_var_audits_switches_s_plunger_lane'====== Args={'value': 0, 'prev_value': None, 'change': True}
2026-05-10 15:51:21,878 : INFO : EventManager : Event: ======'machine_var_audits_events_game_started'====== Args={'value': 0, 'prev_value': None, 'change': True}
2026-05-10 15:51:21,878 : INFO : EventManager : Event: ======'machine_var_audits_events_game_ended'====== Args={'value': 0, 'prev_value': None, 'change': True}
2026-05-10 15:51:21,878 : INFO : EventManager : Event: ======'machine_var_audits_player_score'====== Args={'value': {'top': [], 'average': 0, 'total': 0}, 'prev_value': None, 'change': True}
2026-05-10 15:51:21,879 : INFO : EventManager : Event: ======'init_phase_5'====== Args={}
2026-05-10 15:51:21,879 : INFO : EventManager : Event: ======'init_done'====== Args={}
2026-05-10 15:51:21,879 : INFO : EventManager : Event: ======'machine_reset_phase_1'====== Args={}
2026-05-10 15:51:21,882 : INFO : EventManager : Event: ======'machine_reset_phase_2'====== Args={}
2026-05-10 15:51:21,883 : INFO : EventManager : Event: ======'machine_reset_phase_3'====== Args={}
2026-05-10 15:51:21,883 : INFO : EventManager : Event: ======'reset_complete'====== Args={}
2026-05-10 15:51:21,883 : INFO : EventManager : Event: ======'mode_attract_will_start'====== Args={}
2026-05-10 15:51:21,883 : INFO : Timer.attract_carousel_timer : Starting Timer.
2026-05-10 15:51:21,883 : INFO : EventManager : Event: ======'timer_attract_carousel_timer_started'====== Args={'ticks': 0, 'ticks_remaining': 1}
2026-05-10 15:51:21,883 : INFO : EventManager : Event: ======'timer_attract_carousel_timer_tick'====== Args={'ticks': 0, 'ticks_remaining': 1}
2026-05-10 15:51:21,884 : INFO : EventManager : Event: ======'mode_attract_starting'====== Args={}
2026-05-10 15:51:21,884 : INFO : Mode.attract : Started. Priority: 10
2026-05-10 15:51:21,884 : INFO : EventManager : Event: ======'modes_active_modes_changed'====== Args={}
2026-05-10 15:51:21,884 : INFO : EventManager : Event: ======'mode_attract_started'====== Args={}
2026-05-10 15:51:21,885 : INFO : EventManager : Event: ======'collecting_balls_complete'====== Args={}
2026-05-10 15:51:21,885 : INFO : EventManager : Event: ======'carousel_item_highlighted'====== Args={'carousel': 'attract', 'direction': None, 'item': 'title'}
2026-05-10 15:51:21,885 : INFO : Machine : Starting the main run loop with active modes: [<Mode.attract>]
2026-05-10 15:51:21,942 : INFO : EventManager : Event: ======'slide_attract_created'====== Args={'_from_bcp': True}
2026-05-10 15:51:21,942 : INFO : EventManager : Event: ======'slide__removed'====== Args={'_from_bcp': True}
2026-05-10 15:51:21,942 : INFO : EventManager : Event: ======'slide_attract_active'====== Args={'original_context': 'attract', 'original_calling_context': 'mode_attract_started', 'priority': 10.0, 'cmd': 'slides_play', '_from_bcp': True}
2026-05-10 15:51:26,896 : INFO : Timer.attract_carousel_timer : Timer Complete
2026-05-10 15:51:26,896 : INFO : Timer.attract_carousel_timer : Stopping Timer
2026-05-10 15:51:26,896 : INFO : EventManager : Event: ======'timer_attract_carousel_timer_stopped'====== Args={'ticks': 1, 'ticks_remaining': 1}
2026-05-10 15:51:26,896 : INFO : EventManager : Event: ======'timer_attract_carousel_timer_complete'====== Args={'ticks': 1, 'ticks_remaining': 1}
2026-05-10 15:51:26,896 : INFO : EventManager : Event: ======'carousel_item_highlighted'====== Args={'carousel': 'attract', 'direction': 'forwards', 'item': 'credits'}
2026-05-10 15:51:36,895 : INFO : SwitchController : <<<<<<< 's_flipper_right' active >>>>>>>
2026-05-10 15:51:36,895 : INFO : EventManager : Event: ======'s_flipper_right_active'====== Args={}
2026-05-10 15:51:36,895 : INFO : EventManager : Event: ======'carousel_item_highlighted'====== Args={'carousel': 'attract', 'direction': 'forwards', 'item': 'mpf_logo'}
2026-05-10 15:51:36,895 : INFO : Timer.attract_carousel_timer : Starting Timer.
2026-05-10 15:51:36,895 : INFO : EventManager : Event: ======'timer_attract_carousel_timer_started'====== Args={'ticks': 0, 'ticks_remaining': 1}
2026-05-10 15:51:36,895 : INFO : EventManager : Event: ======'timer_attract_carousel_timer_tick'====== Args={'ticks': 0, 'ticks_remaining': 1}
2026-05-10 15:51:36,945 : INFO : SwitchController : <<<<<<< 's_flipper_right' inactive >>>>>>>
2026-05-10 15:51:41,901 : INFO : Timer.attract_carousel_timer : Timer Complete
2026-05-10 15:51:41,901 : INFO : Timer.attract_carousel_timer : Stopping Timer
2026-05-10 15:51:41,901 : INFO : EventManager : Event: ======'timer_attract_carousel_timer_stopped'====== Args={'ticks': 1, 'ticks_remaining': 1}
2026-05-10 15:51:41,902 : INFO : EventManager : Event: ======'timer_attract_carousel_timer_complete'====== Args={'ticks': 1, 'ticks_remaining': 1}
2026-05-10 15:51:41,902 : INFO : EventManager : Event: ======'carousel_item_highlighted'====== Args={'carousel': 'attract', 'direction': 'forwards', 'item': 'title'}
2026-05-10 15:51:44,911 : INFO : SwitchController : <<<<<<< 's_flipper_right' active >>>>>>>
2026-05-10 15:51:44,911 : INFO : EventManager : Event: ======'s_flipper_right_active'====== Args={}
2026-05-10 15:51:44,911 : INFO : EventManager : Event: ======'carousel_item_highlighted'====== Args={'carousel': 'attract', 'direction': 'forwards', 'item': 'credits'}
2026-05-10 15:51:44,911 : INFO : Timer.attract_carousel_timer : Starting Timer.
2026-05-10 15:51:44,911 : INFO : EventManager : Event: ======'timer_attract_carousel_timer_started'====== Args={'ticks': 0, 'ticks_remaining': 1}
2026-05-10 15:51:44,912 : INFO : EventManager : Event: ======'timer_attract_carousel_timer_tick'====== Args={'ticks': 0, 'ticks_remaining': 1}
2026-05-10 15:51:44,960 : INFO : SwitchController : <<<<<<< 's_flipper_right' inactive >>>>>>>
2026-05-10 15:51:49,913 : INFO : Timer.attract_carousel_timer : Timer Complete
2026-05-10 15:51:49,913 : INFO : Timer.attract_carousel_timer : Stopping Timer
2026-05-10 15:51:49,914 : INFO : EventManager : Event: ======'timer_attract_carousel_timer_stopped'====== Args={'ticks': 1, 'ticks_remaining': 1}
2026-05-10 15:51:49,914 : INFO : EventManager : Event: ======'timer_attract_carousel_timer_complete'====== Args={'ticks': 1, 'ticks_remaining': 1}
2026-05-10 15:51:49,914 : INFO : EventManager : Event: ======'carousel_item_highlighted'====== Args={'carousel': 'attract', 'direction': 'forwards', 'item': 'mpf_logo'}
2026-05-10 15:51:59,893 : INFO : SwitchController : <<<<<<< 's_flipper_right' active >>>>>>>
2026-05-10 15:51:59,893 : INFO : EventManager : Event: ======'s_flipper_right_active'====== Args={}
2026-05-10 15:51:59,894 : INFO : EventManager : Event: ======'carousel_item_highlighted'====== Args={'carousel': 'attract', 'direction': 'forwards', 'item': 'title'}
2026-05-10 15:51:59,894 : INFO : Timer.attract_carousel_timer : Starting Timer.
2026-05-10 15:51:59,894 : INFO : EventManager : Event: ======'timer_attract_carousel_timer_started'====== Args={'ticks': 0, 'ticks_remaining': 1}
2026-05-10 15:51:59,894 : INFO : EventManager : Event: ======'timer_attract_carousel_timer_tick'====== Args={'ticks': 0, 'ticks_remaining': 1}
2026-05-10 15:51:59,977 : INFO : SwitchController : <<<<<<< 's_flipper_right' inactive >>>>>>>
2026-05-10 15:52:04,904 : INFO : Timer.attract_carousel_timer : Timer Complete
2026-05-10 15:52:04,905 : INFO : Timer.attract_carousel_timer : Stopping Timer
2026-05-10 15:52:04,905 : INFO : EventManager : Event: ======'timer_attract_carousel_timer_stopped'====== Args={'ticks': 1, 'ticks_remaining': 1}
2026-05-10 15:52:04,905 : INFO : EventManager : Event: ======'timer_attract_carousel_timer_complete'====== Args={'ticks': 1, 'ticks_remaining': 1}
2026-05-10 15:52:04,905 : INFO : EventManager : Event: ======'carousel_item_highlighted'====== Args={'carousel': 'attract', 'direction': 'forwards', 'item': 'credits'}
2026-05-10 15:52:08,851 : INFO : Machine : Shutting down...
2026-05-10 15:52:08,851 : INFO : EventManager : Event: ======'shutdown'====== Args={}
2026-05-10 15:52:08,862 : INFO : root : MPF run loop ended.
