2026-05-08 16:25:00,415 : INFO : root : Loading config.
2026-05-08 16:25:00,633 : INFO : ConfigProcessor : Config spec file cache created: C:\Users\mpf\AppData\Local\Temp\config_spec.mpf_cache
2026-05-08 16:25:00,633 : INFO : YamlMultifileConfigLoader : Machine config file #1: config.yaml
2026-05-08 16:25:00,634 : INFO : ConfigProcessor : Loading config from cache: C:\Users\mpf\AppData\Local\Temp\b7f6280c8c0480f065ae96daad172605.mpf_cache
2026-05-08 16:25:00,734 : INFO : ConfigProcessor : Loading config from cache: C:\Users\mpf\AppData\Local\Temp\15c508faab3502003f440bdabb91e668.mpf_cache
2026-05-08 16:25:00,735 : INFO : ConfigProcessor : Loading config from cache: C:\Users\mpf\AppData\Local\Temp\0746e2282ef9b1e4e5844623fe2bc520.mpf_cache
2026-05-08 16:25:00,737 : INFO : ConfigProcessor : Loading config from cache: C:\Users\mpf\AppData\Local\Temp\15c508faab3502003f440bdabb91e668.mpf_cache
2026-05-08 16:25:00,737 : INFO : ConfigProcessor : Loading config from cache: C:\Users\mpf\AppData\Local\Temp\cb652f59a759b952424ba440fdb694e1.mpf_cache
2026-05-08 16:25:00,738 : INFO : Machine : Mission Pinball Framework Core Engine v0.80.0.dev14
2026-05-08 16:25:00,738 : INFO : Machine : Command line arguments: {'no_load_cache': False, 'create_config_cache': True, 'bcp': True, 'configfile': ['config.yaml'], 'force_assets_load': False, 'platform_integration_test': False, 'jsonlogging': False, 'logfile': 'logs\\2026-05-08-16-25-00-mpf-WIN-M1RLBQ5FIPJ.log', 'pause': False, 'production': False, 'text_ui': False, 'loglevel': 15, 'consoleloglevel': 20, 'force_platform': 'virtual', 'syslog_address': None, 'full_logfile_path': 'C:\\Users\\mpf\\Documents\\uncharted\\logs\\2026-05-08-16-25-00-mpf-WIN-M1RLBQ5FIPJ.log'}
2026-05-08 16:25:00,738 : INFO : Machine : MPF path: C:\Users\mpf\environment\Lib\site-packages\mpf
2026-05-08 16:25:00,738 : INFO : Machine : Machine path: C:\Users\mpf\Documents\uncharted
2026-05-08 16:25:00,738 : INFO : Machine : Platform: win32
2026-05-08 16:25:00,738 : INFO : Machine : Python executable location: C:\Users\mpf\environment\Scripts\python.exe
2026-05-08 16:25:00,739 : INFO : Machine : Python version: 3.14.4 (64-bit)
2026-05-08 16:25:00,741 : INFO : Machine : Initializing MPF...
2026-05-08 16:25:00,835 : INFO : EventManager : Event: ======'machine_var_credits_string'====== Args={'value': 'FREE PLAY', 'prev_value': None, 'change': True}
2026-05-08 16:25:00,856 : INFO : EventManager : Event: ======'machine_var_master_volume'====== Args={'value': 0.5, 'prev_value': None, 'change': True}
2026-05-08 16:25:00,857 : INFO : EventManager : Event: ======'machine_var_mpf_version'====== Args={'value': 'Mission Pinball Framework v0.80.0.dev14', 'prev_value': None, 'change': True}
2026-05-08 16:25:00,857 : INFO : EventManager : Event: ======'machine_var_mpf_extended_version'====== Args={'value': 'Mission Pinball Framework v0.80.0.dev14, Config version:6, Show version: 6, BCP version:1.1', 'prev_value': None, 'change': True}
2026-05-08 16:25:00,857 : INFO : EventManager : Event: ======'machine_var_python_version'====== Args={'value': '3.14.4', 'prev_value': None, 'change': True}
2026-05-08 16:25:00,995 : INFO : EventManager : Event: ======'machine_var_platform'====== Args={'value': 'Windows-11-10.0.22631-SP0', 'prev_value': None, 'change': True}
2026-05-08 16:25:00,996 : INFO : EventManager : Event: ======'machine_var_platform_system'====== Args={'value': 'Windows', 'prev_value': None, 'change': True}
2026-05-08 16:25:00,996 : INFO : EventManager : Event: ======'machine_var_platform_release'====== Args={'value': '11', 'prev_value': None, 'change': True}
2026-05-08 16:25:00,996 : INFO : EventManager : Event: ======'machine_var_platform_version'====== Args={'value': '10.0.22631', 'prev_value': None, 'change': True}
2026-05-08 16:25:00,996 : INFO : EventManager : Event: ======'machine_var_platform_machine'====== Args={'value': 'AMD64', 'prev_value': None, 'change': True}
2026-05-08 16:25:00,996 : INFO : EventManager : Event: ======'machine_var_log_file_path'====== Args={'value': 'C:\\Users\\mpf\\Documents\\uncharted\\logs\\2026-05-08-16-25-00-mpf-WIN-M1RLBQ5FIPJ.log', 'prev_value': None, 'change': True}
2026-05-08 16:25:00,996 : INFO : EventManager : Event: ======'init_phase_1'====== Args={}
2026-05-08 16:25:01,022 : INFO : EventManager : Event: ======'init_phase_2'====== Args={}
2026-05-08 16:25:01,024 : INFO : EventManager : Event: ======'bcp_connection_attempt'====== Args={'name': 'local_display', 'host': 'localhost', 'port': 5050}
2026-05-08 16:25:01,026 : INFO : BCPClientSocket : Connecting BCP to 'local_display' at localhost:5050...
2026-05-08 16:25:09,320 : INFO : BCPClientSocket : Connected BCP to 'local_display' localhost:5050
2026-05-08 16:25:09,322 : INFO : EventManager : Event: ======'bcp_clients_connected'====== Args={}
2026-05-08 16:25:09,323 : INFO : ball_device.bd_plunger : BCH: Initial count: 0
2026-05-08 16:25:09,324 : INFO : ball_device.bd_plunger : State: idle
2026-05-08 16:25:09,326 : INFO : ball_device.bd_trough : BCH: Initial count: 0
2026-05-08 16:25:09,326 : INFO : ball_device.bd_trough : State: idle
2026-05-08 16:25:09,338 : INFO : EventManager : Event: ======'init_phase_3'====== Args={}
2026-05-08 16:25:09,340 : INFO : EventManager : Event: ======'init_phase_4'====== Args={}
2026-05-08 16:25:09,340 : INFO : BallController : Initial balls found: 0
2026-05-08 16:25:09,341 : INFO : EventManager : Event: ======'machine_var_audits_switches_s_trough_5'====== Args={'value': 0, 'prev_value': None, 'change': True}
2026-05-08 16:25:09,341 : INFO : EventManager : Event: ======'machine_var_audits_switches_s_trough_3'====== Args={'value': 0, 'prev_value': None, 'change': True}
2026-05-08 16:25:09,341 : INFO : EventManager : Event: ======'machine_var_audits_switches_s_trough_1'====== Args={'value': 0, 'prev_value': None, 'change': True}
2026-05-08 16:25:09,341 : INFO : EventManager : Event: ======'machine_var_audits_switches_s_trough_4'====== Args={'value': 0, 'prev_value': None, 'change': True}
2026-05-08 16:25:09,341 : INFO : EventManager : Event: ======'machine_var_audits_switches_s_plunger_lane'====== Args={'value': 0, 'prev_value': None, 'change': True}
2026-05-08 16:25:09,341 : INFO : EventManager : Event: ======'machine_var_audits_switches_s_trough_2'====== Args={'value': 0, 'prev_value': None, 'change': True}
2026-05-08 16:25:09,342 : INFO : EventManager : Event: ======'machine_var_audits_switches_s_trough_6'====== Args={'value': 0, 'prev_value': None, 'change': True}
2026-05-08 16:25:09,342 : INFO : EventManager : Event: ======'machine_var_audits_switches_s_flipper_right'====== Args={'value': 0, 'prev_value': None, 'change': True}
2026-05-08 16:25:09,342 : INFO : EventManager : Event: ======'machine_var_audits_switches_s_flipper_left'====== Args={'value': 0, 'prev_value': None, 'change': True}
2026-05-08 16:25:09,342 : INFO : EventManager : Event: ======'machine_var_audits_events_game_started'====== Args={'value': 0, 'prev_value': None, 'change': True}
2026-05-08 16:25:09,342 : INFO : EventManager : Event: ======'machine_var_audits_events_game_ended'====== Args={'value': 0, 'prev_value': None, 'change': True}
2026-05-08 16:25:09,342 : INFO : EventManager : Event: ======'machine_var_audits_player_score'====== Args={'value': {'top': [], 'average': 0, 'total': 0}, 'prev_value': None, 'change': True}
2026-05-08 16:25:09,342 : INFO : EventManager : Event: ======'init_phase_5'====== Args={}
2026-05-08 16:25:09,342 : INFO : EventManager : Event: ======'init_done'====== Args={}
2026-05-08 16:25:09,342 : INFO : EventManager : Event: ======'machine_reset_phase_1'====== Args={}
2026-05-08 16:25:09,357 : INFO : EventManager : Event: ======'machine_reset_phase_2'====== Args={}
2026-05-08 16:25:09,357 : INFO : EventManager : Event: ======'machine_reset_phase_3'====== Args={}
2026-05-08 16:25:09,358 : INFO : EventManager : Event: ======'reset_complete'====== Args={}
2026-05-08 16:25:09,358 : INFO : EventManager : Event: ======'mode_attract_will_start'====== Args={}
2026-05-08 16:25:09,359 : INFO : EventManager : Event: ======'mode_attract_starting'====== Args={}
2026-05-08 16:25:09,359 : INFO : Mode.attract : Started. Priority: 10
2026-05-08 16:25:09,359 : INFO : EventManager : Event: ======'modes_active_modes_changed'====== Args={}
2026-05-08 16:25:09,359 : INFO : EventManager : Event: ======'mode_attract_started'====== Args={}
2026-05-08 16:25:09,360 : INFO : EventManager : Event: ======'collecting_balls_complete'====== Args={}
2026-05-08 16:25:09,360 : INFO : EventManager : Event: ======'carousel_item_highlighted'====== Args={'carousel': 'attract', 'direction': None, 'item': 'title'}
2026-05-08 16:25:09,360 : INFO : Machine : Starting the main run loop with active modes: [<Mode.attract>]
2026-05-08 16:25:09,390 : INFO : EventManager : Event: ======'slide_attract_created'====== Args={'_from_bcp': True}
2026-05-08 16:25:09,390 : INFO : EventManager : Event: ======'slide__removed'====== Args={'_from_bcp': True}
2026-05-08 16:25:09,390 : INFO : EventManager : Event: ======'slide_attract_active'====== Args={'original_context': 'attract', 'original_calling_context': 'mode_attract_started', 'priority': 10.0, 'cmd': 'slides_play', '_from_bcp': True}
2026-05-08 16:25:22,773 : INFO : SwitchController : <<<<<<< 's_flipper_right' active >>>>>>>
2026-05-08 16:25:22,922 : INFO : SwitchController : <<<<<<< 's_flipper_right' inactive >>>>>>>
2026-05-08 16:25:24,106 : INFO : SwitchController : <<<<<<< 's_flipper_right' active >>>>>>>
2026-05-08 16:25:24,222 : INFO : SwitchController : <<<<<<< 's_flipper_right' inactive >>>>>>>
2026-05-08 16:25:25,490 : INFO : SwitchController : <<<<<<< 's_flipper_left' active >>>>>>>
2026-05-08 16:25:25,639 : INFO : SwitchController : <<<<<<< 's_flipper_left' inactive >>>>>>>
2026-05-08 16:25:25,972 : INFO : SwitchController : <<<<<<< 's_flipper_left' active >>>>>>>
2026-05-08 16:25:26,090 : INFO : SwitchController : <<<<<<< 's_flipper_left' inactive >>>>>>>
2026-05-08 16:25:35,562 : INFO : Machine : Shutting down...
2026-05-08 16:25:35,562 : INFO : EventManager : Event: ======'shutdown'====== Args={}
2026-05-08 16:25:35,575 : INFO : root : MPF run loop ended.
