2026-05-08 16:36:53,641 : INFO : root : Loading config.
2026-05-08 16:36:53,862 : INFO : ConfigProcessor : Config spec file cache created: C:\Users\mpf\AppData\Local\Temp\config_spec.mpf_cache
2026-05-08 16:36:53,863 : INFO : YamlMultifileConfigLoader : Machine config file #1: config.yaml
2026-05-08 16:36:53,864 : INFO : ConfigProcessor : Loading config from cache: C:\Users\mpf\AppData\Local\Temp\b7f6280c8c0480f065ae96daad172605.mpf_cache
2026-05-08 16:36:53,973 : WARNING : ConfigProcessor : Config file in cache changed: C:\Users\mpf\Documents\uncharted\modes\attract\config\attract.yaml
2026-05-08 16:36:53,974 : INFO : ConfigProcessor : Loading config from file C:\Users\mpf\environment\Lib\site-packages\mpf\modes\attract\config\attract.yaml.
2026-05-08 16:36:53,977 : INFO : ConfigProcessor : Loading config: C:\Users\mpf\environment\Lib\site-packages\mpf\modes\attract\config\attract.yaml
2026-05-08 16:36:53,977 : INFO : ConfigProcessor : Loading config from file C:\Users\mpf\Documents\uncharted\modes\attract\config\attract.yaml.
2026-05-08 16:36:53,990 : INFO : ConfigProcessor : Loading config: C:\Users\mpf\Documents\uncharted\modes\attract\config\attract.yaml
2026-05-08 16:36:53,991 : INFO : ConfigProcessor : Config file cache created: C:\Users\mpf\AppData\Local\Temp\15c508faab3502003f440bdabb91e668.mpf_cache
2026-05-08 16:36:53,991 : INFO : ConfigProcessor : Loading config from cache: C:\Users\mpf\AppData\Local\Temp\0746e2282ef9b1e4e5844623fe2bc520.mpf_cache
2026-05-08 16:36:53,992 : INFO : ConfigProcessor : Loading config from cache: C:\Users\mpf\AppData\Local\Temp\15c508faab3502003f440bdabb91e668.mpf_cache
2026-05-08 16:36:54,009 : INFO : ConfigProcessor : Loading config from cache: C:\Users\mpf\AppData\Local\Temp\cb652f59a759b952424ba440fdb694e1.mpf_cache
2026-05-08 16:36:54,009 : INFO : Machine : Mission Pinball Framework Core Engine v0.80.0.dev14
2026-05-08 16:36:54,009 : INFO : Machine : Command line arguments: {'no_load_cache': False, 'create_config_cache': True, 'bcp': True, 'configfile': ['config.yaml'], 'force_assets_load': False, 'platform_integration_test': False, 'jsonlogging': False, 'logfile': 'logs\\2026-05-08-16-36-53-mpf-WIN-M1RLBQ5FIPJ.log', 'pause': False, 'production': False, 'text_ui': False, 'loglevel': 15, 'consoleloglevel': 20, 'force_platform': 'virtual', 'syslog_address': None, 'full_logfile_path': 'C:\\Users\\mpf\\Documents\\uncharted\\logs\\2026-05-08-16-36-53-mpf-WIN-M1RLBQ5FIPJ.log'}
2026-05-08 16:36:54,010 : INFO : Machine : MPF path: C:\Users\mpf\environment\Lib\site-packages\mpf
2026-05-08 16:36:54,010 : INFO : Machine : Machine path: C:\Users\mpf\Documents\uncharted
2026-05-08 16:36:54,010 : INFO : Machine : Platform: win32
2026-05-08 16:36:54,010 : INFO : Machine : Python executable location: C:\Users\mpf\environment\Scripts\python.exe
2026-05-08 16:36:54,010 : INFO : Machine : Python version: 3.14.4 (64-bit)
2026-05-08 16:36:54,012 : INFO : Machine : Initializing MPF...
2026-05-08 16:36:54,123 : INFO : EventManager : Event: ======'machine_var_credits_string'====== Args={'value': 'FREE PLAY', 'prev_value': None, 'change': True}
2026-05-08 16:36:54,146 : INFO : EventManager : Event: ======'machine_var_master_volume'====== Args={'value': 0.5, 'prev_value': None, 'change': True}
2026-05-08 16:36:54,146 : INFO : EventManager : Event: ======'machine_var_mpf_version'====== Args={'value': 'Mission Pinball Framework v0.80.0.dev14', 'prev_value': None, 'change': True}
2026-05-08 16:36:54,146 : INFO : EventManager : Event: ======'machine_var_mpf_extended_version'====== Args={'value': 'Mission Pinball Framework v0.80.0.dev14, Config version:6, Show version: 6, BCP version:1.1', 'prev_value': None, 'change': True}
2026-05-08 16:36:54,146 : INFO : EventManager : Event: ======'machine_var_python_version'====== Args={'value': '3.14.4', 'prev_value': None, 'change': True}
2026-05-08 16:36:54,313 : INFO : EventManager : Event: ======'machine_var_platform'====== Args={'value': 'Windows-11-10.0.22631-SP0', 'prev_value': None, 'change': True}
2026-05-08 16:36:54,313 : INFO : EventManager : Event: ======'machine_var_platform_system'====== Args={'value': 'Windows', 'prev_value': None, 'change': True}
2026-05-08 16:36:54,313 : INFO : EventManager : Event: ======'machine_var_platform_release'====== Args={'value': '11', 'prev_value': None, 'change': True}
2026-05-08 16:36:54,313 : INFO : EventManager : Event: ======'machine_var_platform_version'====== Args={'value': '10.0.22631', 'prev_value': None, 'change': True}
2026-05-08 16:36:54,313 : INFO : EventManager : Event: ======'machine_var_platform_machine'====== Args={'value': 'AMD64', 'prev_value': None, 'change': True}
2026-05-08 16:36:54,313 : INFO : EventManager : Event: ======'machine_var_log_file_path'====== Args={'value': 'C:\\Users\\mpf\\Documents\\uncharted\\logs\\2026-05-08-16-36-53-mpf-WIN-M1RLBQ5FIPJ.log', 'prev_value': None, 'change': True}
2026-05-08 16:36:54,313 : INFO : EventManager : Event: ======'init_phase_1'====== Args={}
2026-05-08 16:36:54,334 : INFO : EventManager : Event: ======'init_phase_2'====== Args={}
2026-05-08 16:36:54,335 : INFO : EventManager : Event: ======'bcp_connection_attempt'====== Args={'name': 'local_display', 'host': 'localhost', 'port': 5050}
2026-05-08 16:36:54,337 : INFO : BCPClientSocket : Connecting BCP to 'local_display' at localhost:5050...
2026-05-08 16:36:54,346 : INFO : BCPClientSocket : Connected BCP to 'local_display' localhost:5050
2026-05-08 16:36:54,346 : INFO : EventManager : Event: ======'bcp_clients_connected'====== Args={}
2026-05-08 16:36:54,347 : INFO : ball_device.bd_plunger : BCH: Initial count: 0
2026-05-08 16:36:54,347 : INFO : ball_device.bd_plunger : State: idle
2026-05-08 16:36:54,347 : INFO : ball_device.bd_trough : BCH: Initial count: 0
2026-05-08 16:36:54,348 : INFO : ball_device.bd_trough : State: idle
2026-05-08 16:36:54,360 : INFO : EventManager : Event: ======'init_phase_3'====== Args={}
2026-05-08 16:36:54,362 : INFO : EventManager : Event: ======'init_phase_4'====== Args={}
2026-05-08 16:36:54,362 : INFO : BallController : Initial balls found: 0
2026-05-08 16:36:54,363 : INFO : EventManager : Event: ======'machine_var_audits_switches_s_trough_1'====== Args={'value': 0, 'prev_value': None, 'change': True}
2026-05-08 16:36:54,363 : INFO : EventManager : Event: ======'machine_var_audits_switches_s_trough_5'====== Args={'value': 0, 'prev_value': None, 'change': True}
2026-05-08 16:36:54,363 : INFO : EventManager : Event: ======'machine_var_audits_switches_s_trough_4'====== Args={'value': 0, 'prev_value': None, 'change': True}
2026-05-08 16:36:54,363 : INFO : EventManager : Event: ======'machine_var_audits_switches_s_flipper_left'====== Args={'value': 0, 'prev_value': None, 'change': True}
2026-05-08 16:36:54,363 : INFO : EventManager : Event: ======'machine_var_audits_switches_s_trough_6'====== Args={'value': 0, 'prev_value': None, 'change': True}
2026-05-08 16:36:54,363 : INFO : EventManager : Event: ======'machine_var_audits_switches_s_flipper_right'====== Args={'value': 0, 'prev_value': None, 'change': True}
2026-05-08 16:36:54,363 : INFO : EventManager : Event: ======'machine_var_audits_switches_s_plunger_lane'====== Args={'value': 0, 'prev_value': None, 'change': True}
2026-05-08 16:36:54,363 : INFO : EventManager : Event: ======'machine_var_audits_switches_s_trough_2'====== Args={'value': 0, 'prev_value': None, 'change': True}
2026-05-08 16:36:54,363 : INFO : EventManager : Event: ======'machine_var_audits_switches_s_trough_3'====== Args={'value': 0, 'prev_value': None, 'change': True}
2026-05-08 16:36:54,363 : INFO : EventManager : Event: ======'machine_var_audits_events_game_started'====== Args={'value': 0, 'prev_value': None, 'change': True}
2026-05-08 16:36:54,364 : INFO : EventManager : Event: ======'machine_var_audits_events_game_ended'====== Args={'value': 0, 'prev_value': None, 'change': True}
2026-05-08 16:36:54,364 : INFO : EventManager : Event: ======'machine_var_audits_player_score'====== Args={'value': {'top': [], 'average': 0, 'total': 0}, 'prev_value': None, 'change': True}
2026-05-08 16:36:54,364 : INFO : EventManager : Event: ======'init_phase_5'====== Args={}
2026-05-08 16:36:54,364 : INFO : EventManager : Event: ======'init_done'====== Args={}
2026-05-08 16:36:54,364 : INFO : EventManager : Event: ======'machine_reset_phase_1'====== Args={}
2026-05-08 16:36:54,373 : INFO : EventManager : Event: ======'machine_reset_phase_2'====== Args={}
2026-05-08 16:36:54,373 : INFO : EventManager : Event: ======'machine_reset_phase_3'====== Args={}
2026-05-08 16:36:54,373 : INFO : EventManager : Event: ======'reset_complete'====== Args={}
2026-05-08 16:36:54,373 : INFO : EventManager : Event: ======'mode_attract_will_start'====== Args={}
2026-05-08 16:36:54,374 : INFO : EventManager : Event: ======'mode_attract_starting'====== Args={}
2026-05-08 16:36:54,374 : INFO : Mode.attract : Started. Priority: 10
2026-05-08 16:36:54,374 : INFO : EventManager : Event: ======'modes_active_modes_changed'====== Args={}
2026-05-08 16:36:54,374 : INFO : EventManager : Event: ======'mode_attract_started'====== Args={}
2026-05-08 16:36:54,374 : INFO : EventManager : Event: ======'collecting_balls_complete'====== Args={}
2026-05-08 16:36:54,374 : INFO : EventManager : Event: ======'carousel_item_highlighted'====== Args={'carousel': 'attract', 'direction': None, 'item': 'title'}
2026-05-08 16:36:54,375 : INFO : Machine : Starting the main run loop with active modes: [<Mode.attract>]
2026-05-08 16:36:54,404 : INFO : EventManager : Event: ======'slide_attract_created'====== Args={'_from_bcp': True}
2026-05-08 16:36:54,404 : INFO : EventManager : Event: ======'slide__removed'====== Args={'_from_bcp': True}
2026-05-08 16:36:54,404 : INFO : EventManager : Event: ======'slide_attract_active'====== Args={'original_context': 'attract', 'original_calling_context': 'mode_attract_started', 'priority': 10.0, 'cmd': 'slides_play', '_from_bcp': True}
2026-05-08 16:37:00,870 : INFO : SwitchController : <<<<<<< 's_flipper_right' active >>>>>>>
2026-05-08 16:37:00,870 : INFO : EventManager : Event: ======'s_flipper_right_active'====== Args={}
2026-05-08 16:37:00,871 : INFO : EventManager : Event: ======'carousel_item_highlighted'====== Args={'carousel': 'attract', 'direction': 'forwards', 'item': 'credits'}
2026-05-08 16:37:00,954 : INFO : SwitchController : <<<<<<< 's_flipper_right' inactive >>>>>>>
2026-05-08 16:37:01,884 : INFO : SwitchController : <<<<<<< 's_flipper_right' active >>>>>>>
2026-05-08 16:37:01,885 : INFO : EventManager : Event: ======'s_flipper_right_active'====== Args={}
2026-05-08 16:37:01,885 : INFO : EventManager : Event: ======'carousel_item_highlighted'====== Args={'carousel': 'attract', 'direction': 'forwards', 'item': 'mpf_logo'}
2026-05-08 16:37:01,987 : INFO : SwitchController : <<<<<<< 's_flipper_right' inactive >>>>>>>
2026-05-08 16:37:04,187 : INFO : SwitchController : <<<<<<< 's_flipper_right' active >>>>>>>
2026-05-08 16:37:04,187 : INFO : EventManager : Event: ======'s_flipper_right_active'====== Args={}
2026-05-08 16:37:04,187 : INFO : EventManager : Event: ======'carousel_item_highlighted'====== Args={'carousel': 'attract', 'direction': 'forwards', 'item': 'title'}
2026-05-08 16:37:04,287 : INFO : SwitchController : <<<<<<< 's_flipper_right' inactive >>>>>>>
2026-05-08 16:37:07,537 : INFO : SwitchController : <<<<<<< 's_flipper_right' active >>>>>>>
2026-05-08 16:37:07,538 : INFO : EventManager : Event: ======'s_flipper_right_active'====== Args={}
2026-05-08 16:37:07,538 : INFO : EventManager : Event: ======'carousel_item_highlighted'====== Args={'carousel': 'attract', 'direction': 'forwards', 'item': 'credits'}
2026-05-08 16:37:07,720 : INFO : SwitchController : <<<<<<< 's_flipper_right' inactive >>>>>>>
2026-05-08 16:37:08,253 : INFO : SwitchController : <<<<<<< 's_flipper_right' active >>>>>>>
2026-05-08 16:37:08,253 : INFO : EventManager : Event: ======'s_flipper_right_active'====== Args={}
2026-05-08 16:37:08,253 : INFO : EventManager : Event: ======'carousel_item_highlighted'====== Args={'carousel': 'attract', 'direction': 'forwards', 'item': 'mpf_logo'}
2026-05-08 16:37:08,454 : INFO : SwitchController : <<<<<<< 's_flipper_right' inactive >>>>>>>
2026-05-08 16:37:08,836 : INFO : SwitchController : <<<<<<< 's_flipper_left' active >>>>>>>
2026-05-08 16:37:08,837 : INFO : EventManager : Event: ======'s_flipper_left_active'====== Args={}
2026-05-08 16:37:08,837 : INFO : EventManager : Event: ======'carousel_item_highlighted'====== Args={'carousel': 'attract', 'direction': 'backwards', 'item': 'credits'}
2026-05-08 16:37:09,020 : INFO : SwitchController : <<<<<<< 's_flipper_left' inactive >>>>>>>
2026-05-08 16:37:09,284 : INFO : SwitchController : <<<<<<< 's_flipper_left' active >>>>>>>
2026-05-08 16:37:09,284 : INFO : EventManager : Event: ======'s_flipper_left_active'====== Args={}
2026-05-08 16:37:09,285 : INFO : EventManager : Event: ======'carousel_item_highlighted'====== Args={'carousel': 'attract', 'direction': 'backwards', 'item': 'title'}
2026-05-08 16:37:09,436 : INFO : SwitchController : <<<<<<< 's_flipper_left' inactive >>>>>>>
2026-05-08 16:37:09,637 : INFO : SwitchController : <<<<<<< 's_flipper_left' active >>>>>>>
2026-05-08 16:37:09,637 : INFO : EventManager : Event: ======'s_flipper_left_active'====== Args={}
2026-05-08 16:37:09,637 : INFO : EventManager : Event: ======'carousel_item_highlighted'====== Args={'carousel': 'attract', 'direction': 'backwards', 'item': 'mpf_logo'}
2026-05-08 16:37:09,770 : INFO : SwitchController : <<<<<<< 's_flipper_left' inactive >>>>>>>
2026-05-08 16:37:10,103 : INFO : SwitchController : <<<<<<< 's_flipper_right' active >>>>>>>
2026-05-08 16:37:10,104 : INFO : EventManager : Event: ======'s_flipper_right_active'====== Args={}
2026-05-08 16:37:10,104 : INFO : EventManager : Event: ======'carousel_item_highlighted'====== Args={'carousel': 'attract', 'direction': 'forwards', 'item': 'title'}
2026-05-08 16:37:10,187 : INFO : SwitchController : <<<<<<< 's_flipper_right' inactive >>>>>>>
2026-05-08 16:37:10,320 : INFO : SwitchController : <<<<<<< 's_flipper_right' active >>>>>>>
2026-05-08 16:37:10,320 : INFO : EventManager : Event: ======'s_flipper_right_active'====== Args={}
2026-05-08 16:37:10,321 : INFO : EventManager : Event: ======'carousel_item_highlighted'====== Args={'carousel': 'attract', 'direction': 'forwards', 'item': 'credits'}
2026-05-08 16:37:10,387 : INFO : SwitchController : <<<<<<< 's_flipper_right' inactive >>>>>>>
2026-05-08 16:37:10,503 : INFO : SwitchController : <<<<<<< 's_flipper_right' active >>>>>>>
2026-05-08 16:37:10,503 : INFO : EventManager : Event: ======'s_flipper_right_active'====== Args={}
2026-05-08 16:37:10,503 : INFO : EventManager : Event: ======'carousel_item_highlighted'====== Args={'carousel': 'attract', 'direction': 'forwards', 'item': 'mpf_logo'}
2026-05-08 16:37:10,570 : INFO : SwitchController : <<<<<<< 's_flipper_right' inactive >>>>>>>
2026-05-08 16:37:11,336 : INFO : SwitchController : <<<<<<< 's_flipper_right' active >>>>>>>
2026-05-08 16:37:11,336 : INFO : EventManager : Event: ======'s_flipper_right_active'====== Args={}
2026-05-08 16:37:11,336 : INFO : EventManager : Event: ======'carousel_item_highlighted'====== Args={'carousel': 'attract', 'direction': 'forwards', 'item': 'title'}
2026-05-08 16:37:11,354 : INFO : SwitchController : <<<<<<< 's_flipper_right' inactive >>>>>>>
2026-05-08 16:37:11,520 : INFO : SwitchController : <<<<<<< 's_flipper_right' active >>>>>>>
2026-05-08 16:37:11,520 : INFO : EventManager : Event: ======'s_flipper_right_active'====== Args={}
2026-05-08 16:37:11,520 : INFO : EventManager : Event: ======'carousel_item_highlighted'====== Args={'carousel': 'attract', 'direction': 'forwards', 'item': 'credits'}
2026-05-08 16:37:11,569 : INFO : SwitchController : <<<<<<< 's_flipper_right' inactive >>>>>>>
2026-05-08 16:37:11,786 : INFO : SwitchController : <<<<<<< 's_flipper_right' active >>>>>>>
2026-05-08 16:37:11,786 : INFO : EventManager : Event: ======'s_flipper_right_active'====== Args={}
2026-05-08 16:37:11,787 : INFO : EventManager : Event: ======'carousel_item_highlighted'====== Args={'carousel': 'attract', 'direction': 'forwards', 'item': 'mpf_logo'}
2026-05-08 16:37:11,903 : INFO : SwitchController : <<<<<<< 's_flipper_right' inactive >>>>>>>
2026-05-08 16:37:12,034 : INFO : SwitchController : <<<<<<< 's_flipper_right' active >>>>>>>
2026-05-08 16:37:12,034 : INFO : EventManager : Event: ======'s_flipper_right_active'====== Args={}
2026-05-08 16:37:12,034 : INFO : EventManager : Event: ======'carousel_item_highlighted'====== Args={'carousel': 'attract', 'direction': 'forwards', 'item': 'title'}
2026-05-08 16:37:12,170 : INFO : SwitchController : <<<<<<< 's_flipper_right' inactive >>>>>>>
2026-05-08 16:37:12,768 : INFO : SwitchController : <<<<<<< 's_flipper_left' active >>>>>>>
2026-05-08 16:37:12,768 : INFO : EventManager : Event: ======'s_flipper_left_active'====== Args={}
2026-05-08 16:37:12,769 : INFO : EventManager : Event: ======'carousel_item_highlighted'====== Args={'carousel': 'attract', 'direction': 'backwards', 'item': 'mpf_logo'}
2026-05-08 16:37:12,853 : INFO : SwitchController : <<<<<<< 's_flipper_left' inactive >>>>>>>
2026-05-08 16:37:12,970 : INFO : SwitchController : <<<<<<< 's_flipper_left' active >>>>>>>
2026-05-08 16:37:12,970 : INFO : EventManager : Event: ======'s_flipper_left_active'====== Args={}
2026-05-08 16:37:12,970 : INFO : EventManager : Event: ======'carousel_item_highlighted'====== Args={'carousel': 'attract', 'direction': 'backwards', 'item': 'credits'}
2026-05-08 16:37:13,020 : INFO : SwitchController : <<<<<<< 's_flipper_left' inactive >>>>>>>
2026-05-08 16:37:13,137 : INFO : SwitchController : <<<<<<< 's_flipper_left' active >>>>>>>
2026-05-08 16:37:13,137 : INFO : EventManager : Event: ======'s_flipper_left_active'====== Args={}
2026-05-08 16:37:13,137 : INFO : EventManager : Event: ======'carousel_item_highlighted'====== Args={'carousel': 'attract', 'direction': 'backwards', 'item': 'title'}
2026-05-08 16:37:13,220 : INFO : SwitchController : <<<<<<< 's_flipper_left' inactive >>>>>>>
2026-05-08 16:37:13,603 : INFO : SwitchController : <<<<<<< 's_flipper_right' active >>>>>>>
2026-05-08 16:37:13,603 : INFO : EventManager : Event: ======'s_flipper_right_active'====== Args={}
2026-05-08 16:37:13,603 : INFO : EventManager : Event: ======'carousel_item_highlighted'====== Args={'carousel': 'attract', 'direction': 'forwards', 'item': 'credits'}
2026-05-08 16:37:13,687 : INFO : SwitchController : <<<<<<< 's_flipper_right' inactive >>>>>>>
2026-05-08 16:37:13,787 : INFO : SwitchController : <<<<<<< 's_flipper_right' active >>>>>>>
2026-05-08 16:37:13,787 : INFO : EventManager : Event: ======'s_flipper_right_active'====== Args={}
2026-05-08 16:37:13,787 : INFO : EventManager : Event: ======'carousel_item_highlighted'====== Args={'carousel': 'attract', 'direction': 'forwards', 'item': 'mpf_logo'}
2026-05-08 16:37:13,853 : INFO : SwitchController : <<<<<<< 's_flipper_right' inactive >>>>>>>
2026-05-08 16:37:14,236 : INFO : SwitchController : <<<<<<< 's_flipper_left' active >>>>>>>
2026-05-08 16:37:14,236 : INFO : EventManager : Event: ======'s_flipper_left_active'====== Args={}
2026-05-08 16:37:14,236 : INFO : EventManager : Event: ======'carousel_item_highlighted'====== Args={'carousel': 'attract', 'direction': 'backwards', 'item': 'credits'}
2026-05-08 16:37:14,320 : INFO : SwitchController : <<<<<<< 's_flipper_left' inactive >>>>>>>
2026-05-08 16:37:14,453 : INFO : SwitchController : <<<<<<< 's_flipper_left' active >>>>>>>
2026-05-08 16:37:14,454 : INFO : EventManager : Event: ======'s_flipper_left_active'====== Args={}
2026-05-08 16:37:14,454 : INFO : EventManager : Event: ======'carousel_item_highlighted'====== Args={'carousel': 'attract', 'direction': 'backwards', 'item': 'title'}
2026-05-08 16:37:14,519 : INFO : SwitchController : <<<<<<< 's_flipper_left' inactive >>>>>>>
2026-05-08 16:37:14,603 : INFO : SwitchController : <<<<<<< 's_flipper_left' active >>>>>>>
2026-05-08 16:37:14,603 : INFO : EventManager : Event: ======'s_flipper_left_active'====== Args={}
2026-05-08 16:37:14,603 : INFO : EventManager : Event: ======'carousel_item_highlighted'====== Args={'carousel': 'attract', 'direction': 'backwards', 'item': 'mpf_logo'}
2026-05-08 16:37:14,686 : INFO : SwitchController : <<<<<<< 's_flipper_left' inactive >>>>>>>
2026-05-08 16:37:16,752 : INFO : SwitchController : <<<<<<< 's_flipper_right' active >>>>>>>
2026-05-08 16:37:16,753 : INFO : EventManager : Event: ======'s_flipper_right_active'====== Args={}
2026-05-08 16:37:16,753 : INFO : EventManager : Event: ======'carousel_item_highlighted'====== Args={'carousel': 'attract', 'direction': 'forwards', 'item': 'title'}
2026-05-08 16:37:16,870 : INFO : SwitchController : <<<<<<< 's_flipper_right' inactive >>>>>>>
2026-05-08 16:37:17,186 : INFO : SwitchController : <<<<<<< 's_flipper_right' active >>>>>>>
2026-05-08 16:37:17,186 : INFO : EventManager : Event: ======'s_flipper_right_active'====== Args={}
2026-05-08 16:37:17,186 : INFO : EventManager : Event: ======'carousel_item_highlighted'====== Args={'carousel': 'attract', 'direction': 'forwards', 'item': 'credits'}
2026-05-08 16:37:17,303 : INFO : SwitchController : <<<<<<< 's_flipper_right' inactive >>>>>>>
2026-05-08 16:37:17,653 : INFO : SwitchController : <<<<<<< 's_flipper_left' active >>>>>>>
2026-05-08 16:37:17,653 : INFO : EventManager : Event: ======'s_flipper_left_active'====== Args={}
2026-05-08 16:37:17,653 : INFO : EventManager : Event: ======'carousel_item_highlighted'====== Args={'carousel': 'attract', 'direction': 'backwards', 'item': 'title'}
2026-05-08 16:37:17,736 : INFO : SwitchController : <<<<<<< 's_flipper_left' inactive >>>>>>>
2026-05-08 16:37:17,835 : INFO : SwitchController : <<<<<<< 's_flipper_left' active >>>>>>>
2026-05-08 16:37:17,835 : INFO : EventManager : Event: ======'s_flipper_left_active'====== Args={}
2026-05-08 16:37:17,835 : INFO : EventManager : Event: ======'carousel_item_highlighted'====== Args={'carousel': 'attract', 'direction': 'backwards', 'item': 'mpf_logo'}
2026-05-08 16:37:17,936 : INFO : SwitchController : <<<<<<< 's_flipper_left' inactive >>>>>>>
2026-05-08 16:37:18,019 : INFO : SwitchController : <<<<<<< 's_flipper_left' active >>>>>>>
2026-05-08 16:37:18,019 : INFO : EventManager : Event: ======'s_flipper_left_active'====== Args={}
2026-05-08 16:37:18,019 : INFO : EventManager : Event: ======'carousel_item_highlighted'====== Args={'carousel': 'attract', 'direction': 'backwards', 'item': 'credits'}
2026-05-08 16:37:18,119 : INFO : SwitchController : <<<<<<< 's_flipper_left' inactive >>>>>>>
2026-05-08 16:37:18,919 : INFO : SwitchController : <<<<<<< 's_flipper_right' active >>>>>>>
2026-05-08 16:37:18,920 : INFO : EventManager : Event: ======'s_flipper_right_active'====== Args={}
2026-05-08 16:37:18,920 : INFO : EventManager : Event: ======'carousel_item_highlighted'====== Args={'carousel': 'attract', 'direction': 'forwards', 'item': 'mpf_logo'}
2026-05-08 16:37:19,019 : INFO : SwitchController : <<<<<<< 's_flipper_right' inactive >>>>>>>
2026-05-08 16:37:22,759 : INFO : Machine : Shutting down...
2026-05-08 16:37:22,759 : INFO : EventManager : Event: ======'shutdown'====== Args={}
2026-05-08 16:37:22,761 : INFO : root : MPF run loop ended.
